_Weight: 2_

https://linux1st.com/1042-maintain-the-integrity-of-filesystems.html

https://www.youtube.com/watch?v=qcAZ7vr6W9U


`du` - estimate file space usage
`du -hs` - human readable and summary only

```
milan@ubuntu:~$ du -hs ~
17M	/home/milan
```

```
milan@ubuntu:~$ du -h --max-depth 1 ~
644K	/home/milan/.local
12K	/home/milan/.gnupg
4.0K	/home/milan/Documents
1.3M	/home/milan/snap
4.0K	/home/milan/Templates
4.0K	/home/milan/Music
4.0K	/home/milan/Pictures
15M	/home/milan/.cache
4.0K	/home/milan/.ssh
4.0K	/home/milan/Desktop
140K	/home/milan/.config
4.0K	/home/milan/Videos
4.0K	/home/milan/Public
4.0K	/home/milan/Downloads
17M	/home/milan

```

`df` - display free disk space
`df -T` - prints the file system type
`df -i` - prints the inodes

```
milan@ubuntu:~$ df -Th
Filesystem     Type      Size  Used Avail Use% Mounted on
tmpfs          tmpfs     339M  1.5M  338M   1% /run
/dev/sda2      ext4       24G  5.9G   17G  27% /
tmpfs          tmpfs     1.7G     0  1.7G   0% /dev/shm
efivarfs       efivarfs  256K   12K  245K   5% /sys/firmware/efi/efivars
tmpfs          tmpfs     5.0M  8.0K  5.0M   1% /run/lock
tmpfs          tmpfs     1.7G   20K  1.7G   1% /tmp
tmpfs          tmpfs     1.0M     0  1.0M   0% /run/credentials/systemd-journald.service
tmpfs          tmpfs     1.0M     0  1.0M   0% /run/credentials/systemd-resolved.service
/dev/sda1      vfat      1.1G  6.4M  1.1G   1% /boot/efi
tmpfs          tmpfs     339M  136K  339M   1% /run/user/1000
/dev/sr0       iso9660    59M   59M     0 100% /media/milan/VBox_GAs_7.1.8
/dev/sdb1      ntfs3     4.0G   22M  4.0G   1% /media/milan/7549A0B62C4ECC9F


```



#### inodes

`inodes` 
- describes a file-system object such as file or a directory
- having metedata (owner and other permissions)

System can be out of free `inodes` but still having a free space! Can happen on `ext` file system.

Other file systems don't have it - e.g. `vfat` (thus it does not have metadata on file permissions)


pt2
https://www.youtube.com/watch?v=VjnBzwDYbIY&embeds_referring_euri=https%3A%2F%2Flinux1st.com%2F&source_ve_path=OTY3MTQ


`fsck` - check and repair a Linux filesystem

- partition **must be un-mounted** to be checked
- `-N` - check but do nothing!
- a front end tool - under the hood it runs a tool specific for a particular file system, e.g. `fsck.ext4`

```
milan@ubuntu:~$ sudo fsck /dev/sda1
fsck from util-linux 2.40.2
fsck.fat 4.2 (2021-01-31)
There are differences between boot sector and its backup.
This is mostly harmless. Differences: (offset:original/backup)
  65:01/00
1) Copy original to backup
2) Copy backup to original
3) No action
[123?q]? n
[123?q]? 3
Dirty bit is set. Fs was not properly unmounted and some data may be corrupt.
4) Remove dirty bit
5) No action
[12?q]? 2
/dev/sda1: 11 files, 1629/274658 clusters

```

`tune2fs` - adjust tunable file system parameters on ext2/ext3/ext4 file systems


```
milan@ubuntu:~$ sudo tune2fs -l /dev/sda2
tune2fs 1.47.2 (1-Jan-2025)
Filesystem volume name:   <none>
Last mounted on:          /
Filesystem UUID:          e51c9de8-9e5a-4fdb-b1a2-f4563197ac9f
Filesystem magic number:  0xEF53
Filesystem revision #:    1 (dynamic)
Filesystem features:      has_journal ext_attr resize_inode dir_index orphan_file filetype needs_recovery extent 64bit flex_bg metadata_csum_seed sparse_super large_file huge_file dir_nlink extra_isize metadata_csum orphan_present
Filesystem flags:         unsigned_directory_hash 
Default mount options:    user_xattr acl
Filesystem state:         clean
Errors behavior:          Continue
Filesystem OS type:       Linux
Inode count:              1569792
Block count:              6277888
Reserved block count:     313894
Overhead clusters:        142572
Free blocks:              4603406
Free inodes:              1403216
First block:              0
Block size:               4096
Fragment size:            4096
Group descriptor size:    64
Reserved GDT blocks:      1024
Blocks per group:         32768
Fragments per group:      32768
Inodes per group:         8176
Inode blocks per group:   511
Flex block group size:    16
Filesystem created:       Thu May 22 14:47:55 2025
Last mount time:          Tue Jun  3 08:49:31 2025
Last write time:          Tue Jun  3 08:49:31 2025
Mount count:              8
Maximum mount count:      -1
Last checked:             Thu May 22 14:47:55 2025
Check interval:           0 (<none>)
Lifetime writes:          1571 MB
Reserved blocks uid:      0 (user root)
Reserved blocks gid:      0 (group root)
First inode:              11
Inode size:               256
Required extra isize:     32
Desired extra isize:      32
Journal inode:            8
Default directory hash:   half_md4
Directory Hash Seed:      a17ef649-f867-40c7-9508-b164fef11609
Journal backup:           inode blocks
Checksum type:            crc32c
Checksum:                 0x9368288a
Checksum seed:            0x57e83189
Orphan file inode:        12

```

#### xfs tools

for `xfs` file system

`xfs_info`, `xfs_repair` ...

